projects/amazon-trend-analyzer/qb_chunks/page_095_skip095000.csv
ASIN Buyability Flag,asin_status,CVR%,revenue,asp,units,gv,Images #,Videos #,Has A+ Content,Buybox Winner,Average Rating,Number of Ratings,bb_price,Ad CTR%,Ad CVR%,bsr,brand,Ad CPC$,ASIN (Description),Update Type,Sold By Amazon,Has Coupon?,Has Store Link?,In Stock Today?,category,Sellable On Hand Units,asin,date,Ad Cost,Ad Sales,Ad Clicks,Ad Impressions,Ad Conversions
In Stock,FD,0.0,0.0,,0.0,11.0,6.0,0.0,True,,3.6,226.0,12.02,,,1690.0,Peeps,,B07YF6KL5L (Peeps: Chick Pet Costume - Small),[],True,False,True,False,Costumes,38.0,B07YF6KL5L,2026-02-14,,,,,
In Stock,FD,0.167,12.0,12.02,1.0,6.0,6.0,0.0,True,,3.6,226.0,12.02,,,1352.0,Peeps,,B07YF6KL5L (Peeps: Chick Pet Costume - Small),[],True,False,True,False,Costumes,38.0,B07YF6KL5L,2026-02-13,,,,,
In Stock,FD,0.0,,,,9.0,6.0,0.0,True,,3.6,226.0,12.02,,,933.0,Peeps,,B07YF6KL5L (Peeps: Chick Pet Costume - Small),[],True,False,True,False,Costumes,39.0,B07YF6KL5L,2026-02-12,,,,,
In Stock,FD,0.0,,,,9.0,6.0,0.0,True,,3.6,224.0,13.02,,,605.0,Peeps,,B07YF6KL5L (Peeps: Chick Pet Costume - Small),[],True,False,True,False,Costumes,40.0,B07YF6KL5L,2026-02-11,,,,,
In Stock,FD,0.0,0.0,,0.0,8.0,6.0,0.0,True,,3.6,258.0,13.02,,,1290.0,Peeps,,B07YF6KL5L (Peeps: Chick Pet Costume - Small),[],True,False,True,False,Costumes,40.0,B07YF6KL5L,2026-02-10,,,,,
In Stock,FD,0.167,13.0,13.02,1.0,6.0,6.0,0.0,True,,3.6,258.0,13.02,,,2605.0,Peeps,,B07YF6KL5L (Peeps: Chick Pet Costume - Small),[],True,False,True,False,Costumes,41.0,B07YF6KL5L,2026-02-09,,,,,
In Stock,FD,0.0,,,,9.0,6.0,0.0,True,,3.6,258.0,13.02,,,2288.0,Peeps,,B07YF6KL5L (Peeps: Chick Pet Costume - Small),[],True,False,True,False,Costumes,41.0,B07YF6KL5L,2026-02-08,,,,,
In Stock,FD,0.0,,,,7.0,6.0,0.0,True,,3.6,258.0,13.02,,,1969.0,Peeps,,B07YF6KL5L (Peeps: Chick Pet Costume - Small),[],True,False,True,False,Costumes,41.0,B07YF6KL5L,2026-02-07,,,,,
In Stock,FD,0.0,,,,5.0,6.0,0.0,True,,3.6,258.0,13.03,,,1580.0,Peeps,,B07YF6KL5L (Peeps: Chick Pet Costume - Small),[],True,False,True,False,Costumes,41.0,B07YF6KL5L,2026-02-06,,,,,
In Stock,FD,0.0,,,,6.0,6.0,0.0,True,,3.6,258.0,12.51,,,1115.0,Peeps,,B07YF6KL5L (Peeps: Chick Pet Costume - Small),[],True,False,True,False,Costumes,41.0,B07YF6KL5L,2026-02-05,,,,,
In Stock,FD,0.0,,,,3.0,6.0,0.0,True,,3.6,258.0,12.51,,,1415.0,Peeps,,B07YF6KL5L (Peeps: Chick Pet Costume - Small),[],True,False,True,False,Costumes,41.0,B07YF6KL5L,2026-02-04,,,,,
In Stock,FD,0.0,,,,6.0,6.0,0.0,True,,3.6,258.0,12.51,,,3473.0,Peeps,,B07YF6KL5L (Peeps: Chick Pet Costume - Small),[],True,False,True,False,Costumes,41.0,B07YF6KL5L,2026-02-03,,,,,
In Stock,FD,0.0,,,,3.0,6.0,0.0,True,,3.6,258.0,12.51,,,3381.0,Peeps,,B07YF6KL5L (Peeps: Chick Pet Costume - Small),[],True,False,True,False,Costumes,41.0,B07YF6KL5L,2026-02-02,,,,,
In Stock,FD,0.0,,,,7.0,18.0,0.0,True,,3.6,258.0,12.51,,,3226.0,Peeps,,B07YF6KL5L (Peeps: Chick Pet Costume - Small),[],True,False,True,False,Costumes,41.0,B07YF6KL5L,2026-02-01,,,,,
In Stock,FD,0.0,,,,1.0,6.0,0.0,True,,3.6,258.0,12.51,,,2962.0,Peeps,,B07YF6KL5L (Peeps: Chick Pet Costume - Small),[],True,False,True,False,Costumes,41.0,B07YF6KL5L,2026-01-31,,,,,
In Stock,FD,0.0,,,,5.0,6.0,0.0,True,,3.6,258.0,12.51,,,2634.0,Peeps,,B07YF6KL5L (Peeps: Chick Pet Costume - Small),[],True,False,True,False,Costumes,41.0,B07YF6KL5L,2026-01-30,,,,,
In Stock,FD,,,,,,6.0,0.0,True,,3.6,258.0,12.51,,,2228.0,Peeps,,B07YF6KL5L (Peeps: Chick Pet Costume - Small),[],True,False,True,False,Costumes,41.0,B07YF6KL5L,2026-01-29,,,,,
In Stock,FD,0.0,,,,4.0,6.0,0.0,True,,3.6,258.0,12.51,,,1811.0,Peeps,,B07YF6KL5L (Peeps: Chick Pet Costume - Small),[],True,False,True,False,Costumes,41.0,B07YF6KL5L,2026-01-28,,,,,
In Stock,FD,0.0,,,,2.0,6.0,0.0,True,,3.6,258.0,12.51,,,1354.0,Peeps,,B07YF6KL5L (Peeps: Chick Pet Costume - Small),[],True,False,True,False,Costumes,41.0,B07YF6KL5L,2026-01-27,,,,,
In Stock,FD,0.0,,,,3.0,6.0,0.0,True,,3.6,258.0,12.51,,,3901.0,Peeps,,B07YF6KL5L (Peeps: Chick Pet Costume - Small),[],True,False,True,False,Costumes,41.0,B07YF6KL5L,2026-01-26,,,,,
In Stock,FD,0.0,,,,2.0,6.0,0.0,True,,3.6,258.0,12.51,,,3896.0,Peeps,,B07YF6KL5L (Peeps: Chick Pet Costume - Small),[],True,False,True,False,Costumes,41.0,B07YF6KL5L,2026-01-25,,,,,
In Stock,FD,0.0,,,,3.0,6.0,0.0,True,,3.6,258.0,12.51,,,3885.0,Peeps,,B07YF6KL5L (Peeps: Chick Pet Costume - Small),[],True,False,True,False,Costumes,41.0,B07YF6KL5L,2026-01-24,,,,,
In Stock,FD,0.0,,,,1.0,6.0,0.0,True,,3.6,258.0,12.51,,,3882.0,Peeps,,B07YF6KL5L (Peeps: Chick Pet Costume - Small),[],True,False,True,False,Costumes,41.0,B07YF6KL5L,2026-01-23,,,,,
In Stock,FD,0.0,,,,2.0,6.0,0.0,True,,3.6,258.0,12.51,,,3864.0,Peeps,,B07YF6KL5L (Peeps: Chick Pet Costume - Small),[],True,False,True,False,Costumes,41.0,B07YF6KL5L,2026-01-22,,,,,
In Stock,FD,,,,,,6.0,0.0,True,,3.6,258.0,12.51,,,3844.0,Peeps,,B07YF6KL5L (Peeps: Chick Pet Costume - Small),[],True,False,True,False,Costumes,41.0,B07YF6KL5L,2026-01-21,,,,,
In Stock,FD,0.0,,,,4.0,6.0,0.0,True,,3.6,258.0,12.51,,,3820.0,Peeps,,B07YF6KL5L (Peeps: Chick Pet Costume - Small),[],True,False,True,False,Costumes,41.0,B07YF6KL5L,2026-01-20,,,,,
In Stock,FD,0.0,,,,6.0,6.0,0.0,True,,3.4,258.0,12.51,,,3787.0,Peeps,,B07YF6KL5L (Peeps: Chick Pet Costume - Small),[],True,False,True,False,Costumes,41.0,B07YF6KL5L,2026-01-19,,,,,
In Stock,FD,0.0,,,,1.0,6.0,0.0,True,,3.4,258.0,12.51,,,3765.0,Peeps,,B07YF6KL5L (Peeps: Chick Pet Costume - Small),[],True,False,True,False,Costumes,41.0,B07YF6KL5L,2026-01-18,,,,,
In Stock,FD,,,,,,6.0,0.0,True,,3.4,258.0,12.51,,,3721.0,Peeps,,B07YF6KL5L (Peeps: Chick Pet Costume - Small),[],True,False,True,False,Costumes,41.0,B07YF6KL5L,2026-01-17,,,,,
In Stock,FD,,,,,,6.0,0.0,True,,3.4,258.0,12.51,,,3631.0,Peeps,,B07YF6KL5L (Peeps: Chick Pet Costume - Small),[],True,False,True,False,Costumes,41.0,B07YF6KL5L,2026-01-16,,,,,
In Stock,FD,0.0,,,,4.0,6.0,0.0,True,,3.4,258.0,12.51,,,3522.0,Peeps,,B07YF6KL5L (Peeps: Chick Pet Costume - Small),[],True,False,True,False,Costumes,41.0,B07YF6KL5L,2026-01-15,,,,,
In Stock,FD,0.0,,,,2.0,6.0,0.0,True,,3.4,258.0,12.51,,,3379.0,Peeps,,B07YF6KL5L (Peeps: Chick Pet Costume - Small),[],True,False,True,False,Costumes,41.0,B07YF6KL5L,2026-01-14,,,,,
In Stock,FD,0.0,,,,6.0,6.0,0.0,True,,3.4,258.0,12.51,,,3307.0,Peeps,,B07YF6KL5L (Peeps: Chick Pet Costume - Small),[],True,False,True,False,Costumes,41.0,B07YF6KL5L,2026-01-13,,,,,
In Stock,FD,0.0,,,,6.0,6.0,0.0,True,,3.4,258.0,12.51,,,3066.0,Peeps,,B07YF6KL5L (Peeps: Chick Pet Costume - Small),[],True,False,True,False,Costumes,41.0,B07YF6KL5L,2026-01-12,,,,,
In Stock,FD,0.0,,,,4.0,6.0,0.0,True,,3.4,258.0,12.51,,,2777.0,Peeps,,B07YF6KL5L (Peeps: Chick Pet Costume - Small),[],True,False,True,False,Costumes,41.0,B07YF6KL5L,2026-01-11,,,,,
In Stock,FD,0.0,,,,3.0,6.0,0.0,True,,3.4,258.0,12.51,,,2391.0,Peeps,,B07YF6KL5L (Peeps: Chick Pet Costume - Small),[],True,False,True,False,Costumes,41.0,B07YF6KL5L,2026-01-10,,,,,
In Stock,FD,0.0,,,,2.0,6.0,0.0,True,,3.4,258.0,12.51,,,1969.0,Peeps,,B07YF6KL5L (Peeps: Chick Pet Costume - Small),[],True,False,True,False,Costumes,41.0,B07YF6KL5L,2026-01-09,,,,,
In Stock,FD,0.0,,,,1.0,7.0,0.0,True,,3.4,258.0,12.51,,,1496.0,Peeps,,B07YF6KL5L (Peeps: Chick Pet Costume - Small),[],True,False,True,False,Costumes,41.0,B07YF6KL5L,2026-01-08,,,,,
In Stock,FD,0.0,,,,6.0,7.0,0.0,True,,3.6,258.0,8.99,,,3871.0,Peeps,,B07YF6KL5L (Peeps: Chick Pet Costume - Small),[],True,False,True,False,Costumes,41.0,B07YF6KL5L,2026-01-07,,,,,
In Stock,FD,0.0,,,,4.0,7.0,0.0,True,,3.6,258.0,8.99,,,3832.0,Peeps,,B07YF6KL5L (Peeps: Chick Pet Costume - Small),[],True,False,True,False,Costumes,41.0,B07YF6KL5L,2026-01-06,,,,,
In Stock,FD,0.0,,,,3.0,7.0,0.0,True,,3.6,258.0,8.99,,,3808.0,Peeps,,B07YF6KL5L (Peeps: Chick Pet Costume - Small),[],True,False,True,False,Costumes,41.0,B07YF6KL5L,2026-01-05,,,,,
In Stock,FD,0.0,,,,1.0,7.0,0.0,True,,3.6,258.0,8.99,,,3791.0,Peeps,,B07YF6KL5L (Peeps: Chick Pet Costume - Small),[],True,False,True,False,Costumes,41.0,B07YF6KL5L,2026-01-04,,,,,
In Stock,FD,0.0,,,,5.0,7.0,0.0,True,,3.5,257.0,8.99,,,3758.0,Peeps,,B07YF6KL5L (Peeps: Chick Pet Costume - Small),[],True,False,True,False,Costumes,41.0,B07YF6KL5L,2026-01-03,,,,,
In Stock,FD,0.0,,,,6.0,7.0,0.0,True,,3.5,257.0,8.99,,,3730.0,Peeps,,B07YF6KL5L (Peeps: Chick Pet Costume - Small),[],True,False,True,False,Costumes,41.0,B07YF6KL5L,2026-01-02,,,,,
In Stock,FD,0.0,,,,3.0,7.0,0.0,True,,3.5,257.0,8.99,,,3707.0,Peeps,,B07YF6KL5L (Peeps: Chick Pet Costume - Small),[],True,False,True,False,Costumes,41.0,B07YF6KL5L,2026-01-01,,,,,
In Stock,FD,,,,,0.0,7.0,0.0,True,,3.5,257.0,8.99,,,3681.0,Peeps,,B07YF6KL5L (Peeps: Chick Pet Costume - Small),[],True,False,True,False,Costumes,41.0,B07YF6KL5L,2025-12-31,,,,,
In Stock,FD,0.0,,,,5.0,7.0,0.0,True,,3.5,257.0,8.99,,,3522.0,Peeps,,B07YF6KL5L (Peeps: Chick Pet Costume - Small),[],True,False,True,False,Costumes,41.0,B07YF6KL5L,2025-12-30,,,,,
In Stock,FD,0.0,,,,1.0,7.0,0.0,True,,3.5,257.0,8.99,,,3435.0,Peeps,,B07YF6KL5L (Peeps: Chick Pet Costume - Small),[],True,False,True,False,Costumes,41.0,B07YF6KL5L,2025-12-29,,,,,
In Stock,FD,0.0,,,,2.0,7.0,0.0,True,,3.5,257.0,8.99,,,3290.0,Peeps,,B07YF6KL5L (Peeps: Chick Pet Costume - Small),[],True,False,True,False,Costumes,41.0,B07YF6KL5L,2025-12-28,,,,,
In Stock,FD,0.0,,,,1.0,7.0,0.0,True,,3.5,257.0,8.99,,,3139.0,Peeps,,B07YF6KL5L (Peeps: Chick Pet Costume - Small),[],True,False,True,False,Costumes,41.0,B07YF6KL5L,2025-12-27,,,,,
In Stock,FD,0.0,,,,2.0,7.0,0.0,True,,3.5,257.0,8.99,,,2918.0,Peeps,,B07YF6KL5L (Peeps: Chick Pet Costume - Small),[],True,False,True,False,Costumes,41.0,B07YF6KL5L,2025-12-26,,,,,
In Stock,FD,0.0,,,,1.0,7.0,0.0,True,,3.5,257.0,8.99,,,2670.0,Peeps,,B07YF6KL5L (Peeps: Chick Pet Costume - Small),[],True,False,True,False,Costumes,41.0,B07YF6KL5L,2025-12-25,,,,,
In Stock,FD,0.0,,,,3.0,7.0,0.0,True,,3.5,257.0,8.99,,,2386.0,Peeps,,B07YF6KL5L (Peeps: Chick Pet Costume - Small),[],True,False,True,False,Costumes,41.0,B07YF6KL5L,2025-12-24,,,,,
In Stock,FD,,,,,,7.0,0.0,True,,3.5,257.0,8.99,,,2024.0,Peeps,,B07YF6KL5L (Peeps: Chick Pet Costume - Small),[],True,False,True,False,Costumes,41.0,B07YF6KL5L,2025-12-23,,,,,
In Stock,FD,0.0,,,,3.0,7.0,0.0,True,,3.5,257.0,8.99,,,3848.0,Peeps,,B07YF6KL5L (Peeps: Chick Pet Costume - Small),[],True,False,True,False,Costumes,41.0,B07YF6KL5L,2025-12-22,,,,,
In Stock,FD,0.0,,,,2.0,7.0,0.0,True,,3.5,257.0,8.99,,,3810.0,Peeps,,B07YF6KL5L (Peeps: Chick Pet Costume - Small),[],True,False,True,False,Costumes,41.0,B07YF6KL5L,2025-12-21,,,,,
In Stock,FD,0.0,,,,3.0,7.0,0.0,True,,3.5,257.0,8.99,,,3753.0,Peeps,,B07YF6KL5L (Peeps: Chick Pet Costume - Small),[],True,False,True,False,Costumes,41.0,B07YF6KL5L,2025-12-20,,,,,
In Stock,FD,0.0,,,,4.0,7.0,0.0,True,,3.5,257.0,8.99,,,3699.0,Peeps,,B07YF6KL5L (Peeps: Chick Pet Costume - Small),[],True,False,True,False,Costumes,41.0,B07YF6KL5L,2025-12-19,,,,,
In Stock,FD,,,,,,7.0,0.0,True,,3.5,257.0,8.99,,,3629.0,Peeps,,B07YF6KL5L (Peeps: Chick Pet Costume - Small),[],True,False,True,False,Costumes,41.0,B07YF6KL5L,2025-12-18,,,,,
In Stock,FD,,0.0,,0.0,,7.0,0.0,True,,3.6,256.0,8.99,,,3496.0,Peeps,,B07YF6KL5L (Peeps: Chick Pet Costume - Small),[],True,False,True,False,Costumes,41.0,B07YF6KL5L,2025-12-17,,,,,
In Stock,FD,0.0,,,,4.0,7.0,0.0,True,,3.6,256.0,8.99,,,3327.0,Peeps,,B07YF6KL5L (Peeps: Chick Pet Costume - Small),[],True,False,True,False,Costumes,41.0,B07YF6KL5L,2025-12-16,,,,,
In Stock,FD,,0.0,,0.0,,7.0,0.0,True,,3.6,256.0,8.99,,,3012.0,Peeps,,B07YF6KL5L (Peeps: Chick Pet Costume - Small),[],True,False,True,False,Costumes,41.0,B07YF6KL5L,2025-12-15,,,,,
In Stock,FD,0.0,0.0,,0.0,1.0,7.0,0.0,True,,3.6,256.0,8.99,,,2682.0,Peeps,,B07YF6KL5L (Peeps: Chick Pet Costume - Small),[],True,False,True,False,Costumes,41.0,B07YF6KL5L,2025-12-14,,,,,
In Stock,FD,0.0,0.0,,0.0,2.0,7.0,0.0,True,,3.6,256.0,8.99,,,2282.0,Peeps,,B07YF6KL5L (Peeps: Chick Pet Costume - Small),[],True,False,True,False,Costumes,41.0,B07YF6KL5L,2025-12-13,,,,,
In Stock,FD,0.0,0.0,,0.0,1.0,7.0,0.0,True,,3.6,256.0,8.99,,,1798.0,Peeps,,B07YF6KL5L (Peeps: Chick Pet Costume - Small),[],True,False,True,False,Costumes,42.0,B07YF6KL5L,2025-12-12,,,,,
In Stock,FD,0.0,0.0,,0.0,1.0,7.0,0.0,True,,3.6,256.0,8.99,,,2110.0,Peeps,,B07YF6KL5L (Peeps: Chick Pet Costume - Small),[],True,False,True,False,Costumes,42.0,B07YF6KL5L,2025-12-11,,,,,
In Stock,FD,0.167,9.0,8.99,1.0,6.0,7.0,0.0,True,,3.6,256.0,8.99,,,4208.0,Peeps,,B07YF6KL5L (Peeps: Chick Pet Costume - Small),[],True,False,True,False,Costumes,42.0,B07YF6KL5L,2025-12-10,,,,,
In Stock,FD,,,,,,7.0,0.0,True,,3.6,256.0,8.99,,,4174.0,Peeps,,B07YF6KL5L (Peeps: Chick Pet Costume - Small),[],True,False,True,False,Costumes,42.0,B07YF6KL5L,2025-12-09,,,,,
In Stock,FD,,,,,,7.0,0.0,True,,3.6,256.0,9.04,,,4155.0,Peeps,,B07YF6KL5L (Peeps: Chick Pet Costume - Small),[],True,False,True,False,Costumes,42.0,B07YF6KL5L,2025-12-08,,,,,
In Stock,FD,0.0,,,,2.0,7.0,0.0,True,,3.6,256.0,9.04,,,4129.0,Peeps,,B07YF6KL5L (Peeps: Chick Pet Costume - Small),[],True,False,True,False,Costumes,42.0,B07YF6KL5L,2025-12-07,,,,,
In Stock,FD,0.0,,,,2.0,7.0,0.0,True,,3.6,256.0,9.04,,,4106.0,Peeps,,B07YF6KL5L (Peeps: Chick Pet Costume - Small),[],True,False,True,False,Costumes,42.0,B07YF6KL5L,2025-12-06,,,,,
In Stock,FD,,,,,,7.0,0.0,True,,3.6,256.0,9.04,,,4075.0,Peeps,,B07YF6KL5L (Peeps: Chick Pet Costume - Small),[],True,False,True,False,Costumes,42.0,B07YF6KL5L,2025-12-05,,,,,
In Stock,FD,0.0,,,,2.0,7.0,0.0,True,,3.6,256.0,9.72,,,4033.0,Peeps,,B07YF6KL5L (Peeps: Chick Pet Costume - Small),[],True,False,True,False,Costumes,42.0,B07YF6KL5L,2025-12-04,,,,,
In Stock,FD,0.0,,,,1.0,7.0,0.0,True,,3.6,257.0,9.72,,,4040.0,Peeps,,B07YF6KL5L (Peeps: Chick Pet Costume - Small),[],True,False,True,False,Costumes,42.0,B07YF6KL5L,2025-12-03,,,,,
In Stock,FD,0.0,,,,1.0,7.0,0.0,True,,3.6,257.0,9.64,,,3912.0,Peeps,,B07YF6KL5L (Peeps: Chick Pet Costume - Small),[],True,False,True,False,Costumes,42.0,B07YF6KL5L,2025-12-02,,,,,
In Stock,FD,,,,,,7.0,0.0,True,,3.6,257.0,9.64,,,3779.0,Peeps,,B07YF6KL5L (Peeps: Chick Pet Costume - Small),[],True,False,True,False,Costumes,42.0,B07YF6KL5L,2025-12-01,,,,,
In Stock,FD,0.0,,,,1.0,7.0,0.0,True,,3.6,257.0,9.64,,,3610.0,Peeps,,B07YF6KL5L (Peeps: Chick Pet Costume - Small),[],True,False,True,False,Costumes,42.0,B07YF6KL5L,2025-11-30,,,,,
In Stock,FD,,,,,,7.0,0.0,True,,3.6,257.0,9.64,,,3308.0,Peeps,,B07YF6KL5L (Peeps: Chick Pet Costume - Small),[],True,False,True,False,Costumes,42.0,B07YF6KL5L,2025-11-29,,,,,
In Stock,FD,0.0,,,,2.0,7.0,0.0,True,,3.6,257.0,9.64,,,2984.0,Peeps,,B07YF6KL5L (Peeps: Chick Pet Costume - Small),[],True,False,True,False,Costumes,41.0,B07YF6KL5L,2025-11-28,,,,,
In Stock,FD,0.0,,,,2.0,7.0,0.0,True,,3.6,257.0,9.97,,,2630.0,Peeps,,B07YF6KL5L (Peeps: Chick Pet Costume - Small),[],True,False,True,False,Costumes,41.0,B07YF6KL5L,2025-11-27,,,,,
In Stock,FD,0.0,,,,1.0,7.0,0.0,True,,3.6,257.0,9.97,,,2144.0,Peeps,,B07YF6KL5L (Peeps: Chick Pet Costume - Small),[],True,False,True,False,Costumes,41.0,B07YF6KL5L,2025-11-26,,,,,
In Stock,FD,0.0,,,,2.0,7.0,0.0,True,,3.6,257.0,10.02,,,3920.0,Peeps,,B07YF6KL5L (Peeps: Chick Pet Costume - Small),[],True,False,True,False,Costumes,41.0,B07YF6KL5L,2025-11-25,,,,,
In Stock,FD,,,,,,7.0,0.0,True,,3.6,257.0,10.02,,,3878.0,Peeps,,B07YF6KL5L (Peeps: Chick Pet Costume - Small),[],True,False,True,False,Costumes,41.0,B07YF6KL5L,2025-11-24,,,,,
In Stock,FD,0.0,,,,1.0,7.0,0.0,True,,3.6,257.0,10.02,,,3795.0,Peeps,,B07YF6KL5L (Peeps: Chick Pet Costume - Small),[],True,False,True,False,Costumes,41.0,B07YF6KL5L,2025-11-23,,,,,
In Stock,FD,,,,,,7.0,0.0,True,,3.6,257.0,10.02,,,3687.0,Peeps,,B07YF6KL5L (Peeps: Chick Pet Costume - Small),[],True,False,True,False,Costumes,41.0,B07YF6KL5L,2025-11-22,,,,,
In Stock,FD,0.0,,,,1.0,7.0,0.0,True,,3.6,257.0,10.02,,,3463.0,Peeps,,B07YF6KL5L (Peeps: Chick Pet Costume - Small),[],True,False,True,False,Costumes,41.0,B07YF6KL5L,2025-11-21,,,,,
In Stock,FD,,,,,,7.0,0.0,True,,3.6,257.0,10.02,,,3171.0,Peeps,,B07YF6KL5L (Peeps: Chick Pet Costume - Small),[],True,False,True,False,Costumes,41.0,B07YF6KL5L,2025-11-20,,,,,
In Stock,FD,0.0,,,,1.0,7.0,0.0,True,,3.6,257.0,10.02,,,2770.0,Peeps,,B07YF6KL5L (Peeps: Chick Pet Costume - Small),[],True,False,True,False,Costumes,42.0,B07YF6KL5L,2025-11-19,,,,,
In Stock,FD,,,,,,7.0,0.0,True,,3.6,257.0,10.02,,,2250.0,Peeps,,B07YF6KL5L (Peeps: Chick Pet Costume - Small),[],True,False,True,False,Costumes,42.0,B07YF6KL5L,2025-11-18,,,,,
In Stock,FD,0.0,0.0,,0.0,1.0,7.0,0.0,True,,3.6,257.0,10.02,,,3760.0,Peeps,,B07YF6KL5L (Peeps: Chick Pet Costume - Small),[],True,False,True,False,Costumes,41.0,B07YF6KL5L,2025-11-17,,,,,
In Stock,FD,0.0,,,,2.0,7.0,0.0,True,,3.6,257.0,10.02,,,3701.0,Peeps,,B07YF6KL5L (Peeps: Chick Pet Costume - Small),[],True,False,True,False,Costumes,41.0,B07YF6KL5L,2025-11-16,,,,,
In Stock,FD,,,,,,7.0,0.0,True,,3.6,257.0,10.02,,,3626.0,Peeps,,B07YF6KL5L (Peeps: Chick Pet Costume - Small),[],True,False,True,False,Costumes,41.0,B07YF6KL5L,2025-11-15,,,,,
In Stock,FD,,,,,,7.0,0.0,True,,3.6,257.0,10.02,,,3543.0,Peeps,,B07YF6KL5L (Peeps: Chick Pet Costume - Small),[],True,False,True,False,Costumes,41.0,B07YF6KL5L,2025-11-14,,,,,
In Stock,FD,0.0,,,,1.0,7.0,0.0,True,,3.6,257.0,10.02,,,3339.0,Peeps,,B07YF6KL5L (Peeps: Chick Pet Costume - Small),[],True,False,True,True,Costumes,40.0,B07YF6KL5L,2025-11-13,,,,,
In Stock,FD,0.0,,,,3.0,7.0,0.0,True,,3.6,257.0,10.02,,,3339.0,Peeps,,B07YF6KL5L (Peeps: Chick Pet Costume - Small),[],True,False,True,True,Costumes,38.0,B07YF6KL5L,2025-11-12,,,,,
In Stock,FD,0.0,,,,6.0,7.0,0.0,True,,3.6,257.0,10.02,,,3339.0,Peeps,,B07YF6KL5L (Peeps: Chick Pet Costume - Small),[],True,False,True,True,Costumes,37.0,B07YF6KL5L,2025-11-11,,,,,
In Stock,FD,,,,,,7.0,0.0,True,,3.6,257.0,10.02,,,3339.0,Peeps,,B07YF6KL5L (Peeps: Chick Pet Costume - Small),[],True,False,True,True,Costumes,37.0,B07YF6KL5L,2025-11-10,,,,,
